\! bash sql/restore.sh
###### RESTORE COMMAND TEST-0001 ######
###### recovery to latest from full backup ######
0
0

###### RESTORE COMMAND TEST-0002 ######
###### recovery to latest from full + incremental backups ######
0
0
0

###### RESTORE COMMAND TEST-0003 ######
###### recovery to latest from compressed full backup ######
0
0

###### RESTORE COMMAND TEST-0004 ######
###### recovery to latest from full + archivelog backups ######
0
0
0

###### RESTORE COMMAND TEST-0005 ######
###### recovery to target timeline ######
0
0
0
checking postgresql.conf...
OK: postgresql.conf has the given target timeline.

###### RESTORE COMMAND TEST-0006 ######
###### recovery to target time ######
0
0

###### RESTORE COMMAND TEST-0007 ######
###### recovery to target XID ######
0
0
OK: recovery-target-xid options works well.

###### RESTORE COMMAND TEST-0008 ######
###### recovery with target inclusive false ######
0
0
OK: recovery-target-inclusive=false works well.

###### RESTORE COMMAND TEST-0009 ######
###### recovery with hard-copy option ######
0
0
OK: hard-copy option works well.

###### RESTORE COMMAND TEST-0010 ######
###### recovery from incremental backup after database creation ######
0
0
0

###### RESTORE COMMAND TEST-0011 ######
###### vacuum shrinks a page between full and incremental backups ######
0
0
0

###### RESTORE COMMAND TEST-0012 ######
###### vacuum shrinks a page between full and incremental backups(compressed) ######
0
0
0

###### RESTORE COMMAND TEST-0013 ######
###### server logs (in the default log_directory) do not be backuped without "--with-serverlog" ######
0
0
1

###### RESTORE COMMAND TEST-0014 ######
###### server logs (in the default log_directory) should be backuped with "--with-serverlog" ######
0
0
0

###### RESTORE COMMAND TEST-0015 ######
###### server logs do not be backuped without "--with-serverlog" ######
0
0
1

###### RESTORE COMMAND TEST-0016 ######
###### server logs should be backuped with "--with-serverlog" ######
0
0
0

